A51 MACRO ASSEMBLER  LAB11_2                                                              12/02/2025 21:02:18 PAGE     1


MACRO ASSEMBLER A51 V8.01
OBJECT MODULE PLACED IN .\lab11.2.obj
ASSEMBLER INVOKED BY: C:\Keil\C51\BIN\A51.EXE ..\lab11\lab11.2.asm SET(SMALL) DEBUG PRINT(.\lab11.2.lst) OBJECT(.\lab11.
                      2.obj) EP

LOC  OBJ            LINE     SOURCE

0000                   1             ORG 00H
0000 015A              2             AJMP INIT
                       3     
000B                   4             ORG 0BH
000B 01FB              5             AJMP TIMER0_ISR
                       6     
0013                   7             ORG 013H
0013 2115              8             AJMP LOAD_DISTANCE
                       9     
0050                  10             ORG 50H
                      11     
0050                  12     SEG_DATA:
0050 03               13             DB 03H
0051 9F               14             DB 09FH
0052 25               15             DB 025H
0053 0D               16             DB 0DH
0054 99               17             DB 099H
0055 49               18             DB 049H
0056 41               19             DB 041H
0057 1F               20             DB 01FH
0058 01               21             DB 01H
0059 09               22             DB 09H
                      23     
005A                  24     INIT:
005A 900050           25             MOV DPTR, #SEG_DATA
005D 7589D1           26             MOV TMOD, #0D1H 
0060 759000           27             MOV P1, #00H 
0063 75A0FF           28             MOV P2, #0FFH ;segment display output
0066 758077           29             MOV P0, #01110111B ;initial value for display shift register
                      30     
                      31             
0069 7800             32             MOV R0, #00H ;tens/ single digit units
006B 7900             33             MOV R1, #00H ;thousands/ hundreds digit
                      34     
006D 7E00             35             MOV R6, #00H ;loop counter for display multiplexing
006F 7F10             36             MOV R7, #010H ;loop counter for 16 bits 
                      37             
0071 D2AA             38             SETB EX1 ;external interrupt 1
0073 D28A             39             SETB IT1 ;edge triggered
0075 D2A9             40             SETB ET0 ;enable timer0 interrupt
0077 D2AF             41             SETB EA  ;enable global interrupt
                      42             
0079 D28C             43             SETB TR0 ;start timer0
007B D28E             44             SETB TR1 ;start timer1
                      45     
007D                  46     LOOP:
007D 80FE             47             JMP LOOP
                      48     
007F                  49     DISPLAY:
007F E580             50             MOV A, P0
0081 03               51             RR A
0082 F580             52             MOV P0, A
                      53     
0084                  54     DISPLAY_DIGIT3:
0084 B47708           55             CJNE A, #01110111B, DISPLAY_DIGIT2
0087 E9               56             MOV A, R1
0088 54F0             57             ANL A, #0F0H
A51 MACRO ASSEMBLER  LAB11_2                                                              12/02/2025 21:02:18 PAGE     2

008A C4               58             SWAP A
008B 93               59             MOVC A, @A+DPTR
008C F5A0             60             MOV P2, A
008E 22               61             RET
                      62     
008F                  63     DISPLAY_DIGIT2:
008F B4BB07           64             CJNE A, #10111011B, DISPLAY_DIGIT1
0092 E9               65             MOV A, R1
0093 540F             66             ANL A, #0FH
0095 93               67             MOVC A, @A+DPTR
0096 F5A0             68             MOV P2, A
0098 22               69             RET
                      70     
0099                  71     DISPLAY_DIGIT1:
0099 B4DD0A           72             CJNE A, #11011101B, DISPLAY_DIGIT0
009C E8               73             MOV A, R0
009D 54F0             74             ANL A, #0F0H
009F C4               75             SWAP A
00A0 93               76             MOVC A, @A+DPTR
00A1 54FE             77             ANL A, #0FEH
00A3 F5A0             78             MOV P2, A
00A5 22               79             RET
                      80     
00A6                  81     DISPLAY_DIGIT0:
00A6 B4EE07           82             CJNE A, #11101110B, DEFAULT
00A9 E8               83             MOV A, R0
00AA 540F             84             ANL A, #0FH
00AC 93               85             MOVC A, @A+DPTR
00AD F5A0             86             MOV P2, A
00AF 22               87             RET
                      88     
00B0                  89     DEFAULT:
00B0 22               90             RET
                      91     
00B1                  92     DOUBLE_DABBLE_ALGORITHM:
00B1 7800             93         MOV R0, #00H        ; low 2 BCD digits
00B3 7900             94         MOV R1, #00H        ; high 2 BCD digits
00B5 7F10             95         MOV R7, #10H        ; 16 bits loop
                      96     
00B7                  97     ADJUST_DIGIT:
                      98     
00B7                  99     ADJUST_DIGIT3:
00B7 E9              100         MOV A, R1
00B8 54F0            101         ANL A, #0F0H
00BA C3              102             CLR C
00BB 9450            103             SUBB A, #050H
00BD 4004            104         JC ADJUST_DIGIT2
00BF E9              105         MOV A, R1
00C0 2430            106         ADD A, #30H         
00C2 F9              107         MOV R1, A
                     108     
00C3                 109     ADJUST_DIGIT2:
00C3 E9              110         MOV A, R1
00C4 540F            111         ANL A, #0FH
00C6 C3              112             CLR C
00C7 9405            113             SUBB A, #05H
00C9 4004            114         JC ADJUST_DIGIT1
00CB E9              115         MOV A, R1
00CC 2403            116         ADD A, #03H         
00CE F9              117         MOV R1, A
                     118     
00CF                 119     ADJUST_DIGIT1:
00CF E8              120         MOV A, R0
00D0 54F0            121         ANL A, #0F0H
00D2 C3              122             CLR C
00D3 9450            123             SUBB A, #050H
A51 MACRO ASSEMBLER  LAB11_2                                                              12/02/2025 21:02:18 PAGE     3

00D5 4004            124         JC ADJUST_DIGIT0
00D7 E8              125         MOV A, R0
00D8 2430            126         ADD A, #30H         
00DA F8              127         MOV R0, A
                     128     
00DB                 129     ADJUST_DIGIT0:
00DB E8              130         MOV A, R0
00DC 540F            131         ANL A, #0FH
00DE C3              132             CLR C
00DF 9405            133             SUBB A, #05H
00E1 4004            134         JC SHIFT_LEFT
00E3 E8              135         MOV A, R0
00E4 2403            136         ADD A, #03H        
00E6 F8              137         MOV R0, A
                     138     
00E7                 139     SHIFT_LEFT:
00E7 C3              140         CLR C
                     141     
00E8 E58B            142         MOV A, TL1
00EA 33              143         RLC A
00EB F58B            144         MOV TL1, A
                     145     
00ED E58D            146         MOV A, TH1
00EF 33              147         RLC A
00F0 F58D            148         MOV TH1, A
                     149     
00F2 E8              150         MOV A, R0
00F3 33              151         RLC A
00F4 F8              152         MOV R0, A
                     153     
00F5 E9              154         MOV A, R1
00F6 33              155         RLC A
00F7 F9              156         MOV R1, A
                     157     
00F8                 158     END_DOUBLE_DABBLE:
00F8 DFBD            159         DJNZ R7, ADJUST_DIGIT
00FA 22              160         RET
                     161     
00FB                 162     TIMER0_ISR:
00FB C0E0            163             PUSH ACC
00FD BE8F04          164             CJNE R6, #08FH, INVERT_P1
0100 7E00            165             MOV R6, #00H
0102 117F            166             ACALL DISPLAY
                     167     
0104                 168     INVERT_P1:
0104 0E              169             INC R6
0105 E590            170             MOV A, P1
0107 F4              171             CPL A
0108 F590            172             MOV P1, A
010A 758CFF          173             MOV TH0, #0FFH
010D 758AFD          174             MOV TL0, #0FDH
0110 C28D            175             CLR TF0
0112 D0E0            176             POP ACC
0114 32              177             RETI
                     178     
0115                 179     LOAD_DISTANCE:
0115 C0E0            180             PUSH ACC
0117 C28E            181             CLR TR1
0119 11B1            182             ACALL DOUBLE_DABBLE_ALGORITHM
011B E58D            183             MOV A, TH1
011D E4              184             CLR A
011E F58D            185             MOV TH1, A
0120 E58B            186             MOV A, TL1
0122 E4              187             CLR A
0123 F58B            188             MOV TL1, A
0125 D28E            189             SETB TR1
A51 MACRO ASSEMBLER  LAB11_2                                                              12/02/2025 21:02:18 PAGE     4

0127 D0E0            190             POP ACC
0129 32              191             RETI
                     192             END
A51 MACRO ASSEMBLER  LAB11_2                                                              12/02/2025 21:02:18 PAGE     5

SYMBOL TABLE LISTING
------ ----- -------


N A M E                  T Y P E  V A L U E   ATTRIBUTES

ACC . . . . . . . . . .  D ADDR   00E0H   A   
ADJUST_DIGIT. . . . . .  C ADDR   00B7H   A   
ADJUST_DIGIT0 . . . . .  C ADDR   00DBH   A   
ADJUST_DIGIT1 . . . . .  C ADDR   00CFH   A   
ADJUST_DIGIT2 . . . . .  C ADDR   00C3H   A   
ADJUST_DIGIT3 . . . . .  C ADDR   00B7H   A   
DEFAULT . . . . . . . .  C ADDR   00B0H   A   
DISPLAY . . . . . . . .  C ADDR   007FH   A   
DISPLAY_DIGIT0. . . . .  C ADDR   00A6H   A   
DISPLAY_DIGIT1. . . . .  C ADDR   0099H   A   
DISPLAY_DIGIT2. . . . .  C ADDR   008FH   A   
DISPLAY_DIGIT3. . . . .  C ADDR   0084H   A   
DOUBLE_DABBLE_ALGORITHM  C ADDR   00B1H   A   
EA. . . . . . . . . . .  B ADDR   00A8H.7 A   
END_DOUBLE_DABBLE . . .  C ADDR   00F8H   A   
ET0 . . . . . . . . . .  B ADDR   00A8H.1 A   
EX1 . . . . . . . . . .  B ADDR   00A8H.2 A   
INIT. . . . . . . . . .  C ADDR   005AH   A   
INVERT_P1 . . . . . . .  C ADDR   0104H   A   
IT1 . . . . . . . . . .  B ADDR   0088H.2 A   
LOAD_DISTANCE . . . . .  C ADDR   0115H   A   
LOOP. . . . . . . . . .  C ADDR   007DH   A   
P0. . . . . . . . . . .  D ADDR   0080H   A   
P1. . . . . . . . . . .  D ADDR   0090H   A   
P2. . . . . . . . . . .  D ADDR   00A0H   A   
SEG_DATA. . . . . . . .  C ADDR   0050H   A   
SHIFT_LEFT. . . . . . .  C ADDR   00E7H   A   
TF0 . . . . . . . . . .  B ADDR   0088H.5 A   
TH0 . . . . . . . . . .  D ADDR   008CH   A   
TH1 . . . . . . . . . .  D ADDR   008DH   A   
TIMER0_ISR. . . . . . .  C ADDR   00FBH   A   
TL0 . . . . . . . . . .  D ADDR   008AH   A   
TL1 . . . . . . . . . .  D ADDR   008BH   A   
TMOD. . . . . . . . . .  D ADDR   0089H   A   
TR0 . . . . . . . . . .  B ADDR   0088H.4 A   
TR1 . . . . . . . . . .  B ADDR   0088H.6 A   


REGISTER BANK(S) USED: 0 


ASSEMBLY COMPLETE.  0 WARNING(S), 0 ERROR(S)
