A51 MACRO ASSEMBLER  LAB10_2                                                              11/25/2025 18:10:23 PAGE     1


MACRO ASSEMBLER A51 V8.01
OBJECT MODULE PLACED IN .\lab10.2.obj
ASSEMBLER INVOKED BY: C:\Keil\C51\BIN\A51.EXE ..\lab10\lab10.2.asm SET(SMALL) DEBUG PRINT(.\lab10.2.lst) OBJECT(.\lab10.
                      2.obj) EP

LOC  OBJ            LINE     SOURCE

0000                   1             ORG 00H
0000 0161              2             AJMP INIT
                       3     
001B                   4             ORG 01BH
001B 217F              5             AJMP RESET_TIMER1
                       6             
0050                   7             ORG 50H
                       8     
0050                   9     KEYPAD:
0050 00               10             DB 00H
0051 04               11             DB 04H  
0052 08               12             DB 08H 
0053 0C               13             DB 0CH  
                      14     
0054 01               15             DB 01H  
0055 05               16             DB 05H  
0056 09               17             DB 09H   
0057 0D               18             DB 0DH
                      19     
0058 02               20             DB 02H  
0059 06               21             DB 06H  
005A 0A               22             DB 0AH
005B 0E               23             DB 0EH
                      24     
005C 03               25             DB 03H   
005D 07               26             DB 07H  
005E 0B               27             DB 0BH  
005F 0F               28             DB 0FH
                      29     
0060 10               30             DB 010H ; No key pressed
                      31     
0061                  32     INIT:
0061 758911           33             MOV TMOD, #011H
0064 75A888           34             MOV IE, #10001000B   ; EA=1, ET1=1
0067 900050           35             MOV DPTR, #KEYPAD
006A 7800             36         MOV R0, #00H ;Col Detection
006C 7900             37             MOV R1, #00H  ;Row Detection
006E 7A00             38             MOV R2, #00H  ;Temp For Row Detection
0070 7B00             39             MOV R3, #00H  ;TH1
0072 7C00             40             MOV R4, #00H  ;TL1
0074 758000           41             MOV P0, #00H  ;Buzzer Output
0077 7590FF           42         MOV P1, #0FFH ;Keypad Input
                      43     
007A                  44     LOOP:
007A 1180             45             ACALL DETECT
007C 11FE             46             ACALL BUZZER_CHOOSE_FREQ
007E 80FA             47             JMP LOOP
                      48     
0080                  49     DETECT:
0080 7810             50             MOV R0, #010H
0082 7900             51             MOV R1, #00H
                      52     
0084                  53     DETECTCOL0:
0084 75907F           54         MOV P1, #07FH
0087 11EE             55             ACALL DELAY
0089 E590             56             MOV A, P1
008B 540F             57         ANL A, #0FH
A51 MACRO ASSEMBLER  LAB10_2                                                              11/25/2025 18:10:23 PAGE     2

008D FA               58             MOV R2, A
008E C3               59             CLR C
008F 940F             60             SUBB A, #0FH
0091 6005             61         JZ DETECTCOL1
0093 7800             62             MOV R0, #00H
0095 11D5             63             ACALL DETECTROW
0097 22               64             RET
                      65     
0098                  66     DETECTCOL1:
0098 7590BF           67             MOV P1, #0BFH
009B 11EE             68             ACALL DELAY
009D E590             69             MOV A, P1
009F 540F             70             ANL A, #0FH
00A1 FA               71             MOV R2, A
00A2 C3               72             CLR C
00A3 940F             73             SUBB A, #0FH
00A5 6005             74             JZ DETECTCOL2
00A7 7804             75             MOV R0, #04H
00A9 11D5             76             ACALL DETECTROW
00AB 22               77             RET
                      78     
00AC                  79     DETECTCOL2:
00AC 7590DF           80             MOV P1, #0DFH
00AF 11EE             81             ACALL DELAY
00B1 E590             82             MOV A, P1
00B3 540F             83             ANL A, #0FH
00B5 FA               84             MOV R2, A
00B6 C3               85             CLR C
00B7 940F             86             SUBB A, #0FH
00B9 6005             87             JZ DETECTCOL3   
00BB 7808             88             MOV R0, #08H
00BD 11D5             89             ACALL DETECTROW
00BF 22               90             RET
                      91     
00C0                  92     DETECTCOL3:
00C0 7590EF           93             MOV P1, #0EFH
00C3 11EE             94             ACALL DELAY
00C5 E590             95             MOV A, P1
00C7 540F             96             ANL A, #0FH
00C9 FA               97             MOV R2, A
00CA C3               98             CLR C
00CB 940F             99             SUBB A, #0FH
00CD 6005            100             JZ DEFAULT_NOPRESSED_COL
00CF 780C            101             MOV R0, #0CH
00D1 11D5            102             ACALL DETECTROW
00D3 22              103             RET
                     104     
00D4                 105     DEFAULT_NOPRESSED_COL:
00D4 22              106             RET
                     107     
00D5                 108     DETECTROW:
00D5 BA0E03          109             CJNE R2, #0EH,  NOTPRESSEDROW0
00D8 7900            110             MOV R1, #00H
00DA 22              111             RET
                     112     
00DB                 113     NOTPRESSEDROW0:
00DB BA0D03          114             CJNE R2, #0DH,  NOTPRESSEDROW1
00DE 7901            115             MOV R1, #01H
00E0 22              116             RET
                     117     
00E1                 118     NOTPRESSEDROW1:
00E1 BA0B03          119             CJNE R2, #0BH,  NOTPRESSEDROW2
00E4 7902            120             MOV R1, #02H
00E6 22              121             RET
                     122     
00E7                 123     NOTPRESSEDROW2:
A51 MACRO ASSEMBLER  LAB10_2                                                              11/25/2025 18:10:23 PAGE     3

00E7 BA0703          124             CJNE R2, #07H,  DEFAULT_NOPRESSED_ROW
00EA 7903            125             MOV R1, #03H
00EC 22              126             RET
                     127     
00ED                 128     DEFAULT_NOPRESSED_ROW:
00ED 22              129             RET
                     130     
00EE                 131     DELAY:
00EE 758CEF          132             MOV TH0, #0EFH
00F1 758AB9          133             MOV TL0, #0B9H
00F4 D28C            134             SETB TR0        
00F6 308DFD          135             JNB TF0, $
00F9 C28C            136             CLR TR0
00FB C28D            137             CLR TF0
00FD 22              138             RET
                     139     
                     140     ;------------------------------------------------------------
00FE                 141     BUZZER_CHOOSE_FREQ:
00FE                 142     BUZZER_CHOOSE_FREQ_INIT:
00FE E8              143             MOV A, R0
00FF 29              144             ADD A, R1
0100 93              145             MOVC A, @A+DPTR
                     146     
0101                 147     BUZZER_CHOOSE_FREQ_MAIN:
0101                 148     BUZZER_D0:
0101 B40007          149             CJNE A, #00H, BUZZER_D0_
0104 7BFC            150                     MOV R3, #0FCH
0106 7C8F            151                     MOV R4, #08FH
0108 D28E            152                     SETB TR1
010A 22              153                     RET
                     154     
010B                 155     BUZZER_D0_:
010B B40407          156             CJNE A, #04H, BUZZER_RE
010E 7BFC            157                     MOV R3, #0FCH
0110 7CC0            158                     MOV R4, #0C0H
0112 D28E            159                     SETB TR1
0114 22              160                     RET
                     161     
0115                 162     BUZZER_RE:
0115 B40807          163             CJNE A, #08H, BUZZER_RE_
0118 7BFC            164                     MOV R3, #0FCH
011A 7CEF            165                     MOV R4, #0EFH
011C D28E            166                     SETB TR1
011E 22              167                     RET
                     168     
011F                 169     BUZZER_RE_:
011F B40C07          170             CJNE A, #0CH, BUZZER_MI
0122 7BFD            171                     MOV R3, #0FDH
0124 7C1B            172                     MOV R4, #01BH
0126 D28E            173                     SETB TR1
0128 22              174                     RET
                     175     
0129                 176     BUZZER_MI:
0129 B40107          177             CJNE A, #01H, BUZZER_FA
012C 7BFD            178                     MOV R3, #0FDH
012E 7C45            179                     MOV R4, #045H
0130 D28E            180                     SETB TR1
0132 22              181                     RET
                     182     
0133                 183     BUZZER_FA:
0133 B40507          184             CJNE A, #05H, BUZZER_FA_
0136 7BFD            185                     MOV R3, #0FDH
0138 7C6C            186                     MOV R4, #06CH
013A D28E            187                     SETB TR1
013C 22              188                     RET
                     189     
A51 MACRO ASSEMBLER  LAB10_2                                                              11/25/2025 18:10:23 PAGE     4

013D                 190     BUZZER_FA_:
013D B40907          191             CJNE A, #09H, BUZZER_SO
0140 7BFD            192                     MOV R3, #0FDH
0142 7C91            193                     MOV R4, #091H
0144 D28E            194                     SETB TR1
0146 22              195                     RET
                     196     
0147                 197     BUZZER_SO:
0147 B40D07          198             CJNE A, #0DH, BUZZER_SO_
014A 7BFD            199                     MOV R3, #0FDH
014C 7CB4            200                     MOV R4, #0B4H
014E D28E            201                     SETB TR1
0150 22              202                     RET
                     203     
0151                 204     BUZZER_SO_:
0151 B40207          205             CJNE A, #02H, BUZZER_LA
0154 7BFD            206                     MOV R3, #0FDH
0156 7CD5            207                     MOV R4, #0D5H
0158 D28E            208                     SETB TR1
015A 22              209                     RET
                     210     
015B                 211     BUZZER_LA:
015B B40607          212             CJNE A, #06H, BUZZER_LA_
015E 7BFD            213                     MOV R3, #0FDH
0160 7CF4            214                     MOV R4, #0F4H
0162 D28E            215                     SETB TR1
0164 22              216                     RET
                     217     
0165                 218     BUZZER_LA_:
0165 B40A07          219             CJNE A, #0AH, BUZZER_SI
0168 7BFE            220                     MOV R3, #0FEH
016A 7C12            221                     MOV R4, #012H
016C D28E            222                     SETB TR1
016E 22              223                     RET
                     224     
016F                 225     BUZZER_SI:
016F B40E07          226             CJNE A, #0EH, DEFAULT_NOSOUND
0172 7BFE            227                     MOV R3, #0FEH
0174 7C2E            228                     MOV R4, #02EH
0176 D28E            229                     SETB TR1
0178 22              230                     RET
                     231     
0179                 232     DEFAULT_NOSOUND:
0179 C28E            233             CLR TR1
017B 758000          234             MOV P0, #00H
017E 22              235             RET
                     236     
017F                 237     RESET_TIMER1:
017F C0E0            238             PUSH  ACC
0181 C28E            239             CLR   TR1
0183 8B8D            240             MOV   TH1, R3
0185 8C8B            241             MOV   TL1, R4
0187 E580            242             MOV   A, P0
0189 F4              243             CPL   A
018A F580            244             MOV   P0, A
018C D28E            245             SETB  TR1
018E D0E0            246             POP   ACC
0190 32              247             RETI
                     248             END
A51 MACRO ASSEMBLER  LAB10_2                                                              11/25/2025 18:10:23 PAGE     5

SYMBOL TABLE LISTING
------ ----- -------


N A M E                  T Y P E  V A L U E   ATTRIBUTES

ACC . . . . . . . . . .  D ADDR   00E0H   A   
BUZZER_CHOOSE_FREQ. . .  C ADDR   00FEH   A   
BUZZER_CHOOSE_FREQ_INIT  C ADDR   00FEH   A   
BUZZER_CHOOSE_FREQ_MAIN  C ADDR   0101H   A   
BUZZER_D0 . . . . . . .  C ADDR   0101H   A   
BUZZER_D0_. . . . . . .  C ADDR   010BH   A   
BUZZER_FA . . . . . . .  C ADDR   0133H   A   
BUZZER_FA_. . . . . . .  C ADDR   013DH   A   
BUZZER_LA . . . . . . .  C ADDR   015BH   A   
BUZZER_LA_. . . . . . .  C ADDR   0165H   A   
BUZZER_MI . . . . . . .  C ADDR   0129H   A   
BUZZER_RE . . . . . . .  C ADDR   0115H   A   
BUZZER_RE_. . . . . . .  C ADDR   011FH   A   
BUZZER_SI . . . . . . .  C ADDR   016FH   A   
BUZZER_SO . . . . . . .  C ADDR   0147H   A   
BUZZER_SO_. . . . . . .  C ADDR   0151H   A   
DEFAULT_NOPRESSED_COL .  C ADDR   00D4H   A   
DEFAULT_NOPRESSED_ROW .  C ADDR   00EDH   A   
DEFAULT_NOSOUND . . . .  C ADDR   0179H   A   
DELAY . . . . . . . . .  C ADDR   00EEH   A   
DETECT. . . . . . . . .  C ADDR   0080H   A   
DETECTCOL0. . . . . . .  C ADDR   0084H   A   
DETECTCOL1. . . . . . .  C ADDR   0098H   A   
DETECTCOL2. . . . . . .  C ADDR   00ACH   A   
DETECTCOL3. . . . . . .  C ADDR   00C0H   A   
DETECTROW . . . . . . .  C ADDR   00D5H   A   
IE. . . . . . . . . . .  D ADDR   00A8H   A   
INIT. . . . . . . . . .  C ADDR   0061H   A   
KEYPAD. . . . . . . . .  C ADDR   0050H   A   
LOOP. . . . . . . . . .  C ADDR   007AH   A   
NOTPRESSEDROW0. . . . .  C ADDR   00DBH   A   
NOTPRESSEDROW1. . . . .  C ADDR   00E1H   A   
NOTPRESSEDROW2. . . . .  C ADDR   00E7H   A   
P0. . . . . . . . . . .  D ADDR   0080H   A   
P1. . . . . . . . . . .  D ADDR   0090H   A   
RESET_TIMER1. . . . . .  C ADDR   017FH   A   
TF0 . . . . . . . . . .  B ADDR   0088H.5 A   
TH0 . . . . . . . . . .  D ADDR   008CH   A   
TH1 . . . . . . . . . .  D ADDR   008DH   A   
TL0 . . . . . . . . . .  D ADDR   008AH   A   
TL1 . . . . . . . . . .  D ADDR   008BH   A   
TMOD. . . . . . . . . .  D ADDR   0089H   A   
TR0 . . . . . . . . . .  B ADDR   0088H.4 A   
TR1 . . . . . . . . . .  B ADDR   0088H.6 A   


REGISTER BANK(S) USED: 0 


ASSEMBLY COMPLETE.  0 WARNING(S), 0 ERROR(S)
