BL51 BANKED LINKER/LOCATER V6.15                                                        12/09/2025  20:08:16  PAGE 1


BL51 BANKED LINKER/LOCATER V6.15, INVOKED BY:
C:\KEIL\C51\BIN\BL51.EXE .\lab12.1.obj TO lab1.1 RAMSIZE (256) CODE (0X0000-0XFFFF) XDATA (0X0000-0X03FF)


INPUT MODULES INCLUDED:
  .\lab12.1.obj (LAB12_1)


LINK MAP OF MODULE:  lab1.1 (LAB12_1)


            TYPE    BASE      LENGTH    RELOCATION   SEGMENT NAME
            -----------------------------------------------------

            * * * * * * *   D A T A   M E M O R Y   * * * * * * *
            REG     0000H     0008H     ABSOLUTE     "REG BANK 0"

            * * * * * * *   C O D E   M E M O R Y   * * * * * * *
            CODE    0000H     0085H     ABSOLUTE     



SYMBOL TABLE OF MODULE:  lab1.1 (LAB12_1)

  VALUE           TYPE          NAME
  ----------------------------------

  -------         MODULE        LAB12_1
  D:00E0H         SYMBOL        ACC
  C:0082H         SYMBOL        EXIT_ISR
  D:00A8H         SYMBOL        IE
  C:0050H         SYMBOL        INIT
  C:0064H         SYMBOL        LOOP
  D:0087H         SYMBOL        PCON
  C:0074H         SYMBOL        RECEIVE_CHAR
  B:0098H.0       SYMBOL        RI
  D:0099H         SYMBOL        SBUF
  D:0098H         SYMBOL        SCON
  C:0066H         SYMBOL        SERIAL_ISR
  D:008DH         SYMBOL        TH1
  B:0098H.1       SYMBOL        TI
  D:008BH         SYMBOL        TL1
  D:0089H         SYMBOL        TMOD
  B:0088H.6       SYMBOL        TR1
  C:007EH         SYMBOL        TRANSMIT_CHAR
  C:0000H         LINE#         2
  C:0023H         LINE#         5
  C:0050H         LINE#         11
  C:0053H         LINE#         12
  C:0056H         LINE#         13
  C:0059H         LINE#         14
  C:005CH         LINE#         15
  C:005FH         LINE#         16
  C:0062H         LINE#         17
  C:0064H         LINE#         20
  C:0066H         LINE#         23
  C:0068H         LINE#         24
  C:006BH         LINE#         25
BL51 BANKED LINKER/LOCATER V6.15                                                      12/09/2025  20:08:16  PAGE 2


  C:006EH         LINE#         26
  C:0070H         LINE#         27
  C:0072H         LINE#         28
  C:0074H         LINE#         31
  C:0076H         LINE#         32
  C:0078H         LINE#         33
  C:007AH         LINE#         34
  C:007CH         LINE#         35
  C:007EH         LINE#         38
  C:0080H         LINE#         39
  C:0082H         LINE#         42
  C:0084H         LINE#         43
  -------         ENDMOD        LAB12_1

******************************************************************************
* RESTRICTED VERSION WITH 0800H BYTE CODE SIZE LIMIT; USED: 0039H BYTE ( 2%) *
******************************************************************************

Program Size: data=8.0 xdata=0 code=133
LINK/LOCATE RUN COMPLETE.  0 WARNING(S),  0 ERROR(S)
