A51 MACRO ASSEMBLER  LAB8_1                                                               10/28/2025 18:43:49 PAGE     1


MACRO ASSEMBLER A51 V8.01
OBJECT MODULE PLACED IN .\lab8.1.obj
ASSEMBLER INVOKED BY: C:\Keil\C51\BIN\A51.EXE ..\lab08\lab8.1.asm SET(SMALL) DEBUG PRINT(.\lab8.1.lst) OBJECT(.\lab8.1.o
                      bj) EP

LOC  OBJ            LINE     SOURCE

  0080                 1     LCD_EN EQU  P0.0
  0081                 2     LCD_RW EQU  P0.1
  0082                 3     LCD_RS EQU  P0.2
  0090                 4     LCD_DATA EQU P1 
                       5             
0000                   6             ORG 00H
0000 0159              7             AJMP INIT
0050                   8             ORG 50H
                       9     
0050                  10     STUDENTID_ASCII:
0050 31               11             DB '1' ;1
0051 31               12             DB '1' ;1
0052 33               13             DB '3' ;3
0053 35               14             DB '5' ;5
0054 31               15             DB '1' ;1
0055 31               16             DB '1' ;1
0056 30               17             DB '0' ;0
0057 38               18             DB '8' ;8
0058 34               19             DB '4' ;4
                      20     
0059                  21     INIT:
0059 758901           22             MOV TMOD, #01H
005C 900050           23             MOV DPTR, #STUDENTID_ASCII
005F C281             24             CLR LCD_RW
0061 1199             25             ACALL DELAY10MS
                      26     
0063 743B             27             MOV A,#00111011B
0065 117F             28             ACALL WRIR
                      29     
0067 740E             30             MOV A,#00001110B
0069 117F             31             ACALL WRIR
                      32     
006B 7401             33             MOV A,#00000001B
006D 117F             34             ACALL WRIR
                      35     
006F 7480             36             MOV A,#10000000B
0071 117F             37             ACALL WRIR
                      38     
0073 7809             39             MOV R0, #09H
                      40     
0075                  41     LOOP:
0075 7400             42             MOV  A, #00H
0077 93               43             MOVC A, @A+DPTR
0078 118C             44             ACALL WRDR
007A A3               45             INC DPTR
007B D8F8             46             DJNZ R0, LOOP
007D 80FE             47             SJMP $
                      48     
007F                  49     WRIR:
007F F590             50             MOV LCD_DATA, A
0081 C282             51             CLR LCD_RS
0083 D280             52             SETB LCD_EN
0085 1199             53             ACALL DELAY10MS
0087 C280             54             CLR LCD_EN
0089 1199             55             ACALL DELAY10MS
008B 22               56             RET
                      57     
A51 MACRO ASSEMBLER  LAB8_1                                                               10/28/2025 18:43:49 PAGE     2

008C                  58     WRDR:
008C F590             59             MOV LCD_DATA, A
008E D282             60             SETB LCD_RS
0090 D280             61             SETB LCD_EN
0092 1199             62             ACALL DELAY10MS
0094 C280             63             CLR LCD_EN
0096 1199             64             ACALL DELAY10MS
0098 22               65             RET
                      66     
0099                  67     DELAY10MS:
0099 758CD8           68             MOV TH0, #0D8H   
009C 758AF0           69             MOV TL0, #0F0H   
009F D28C             70             SETB TR0        
00A1 308DFD           71             JNB TF0, $
00A4 C28C             72             CLR TR0
00A6 C28D             73             CLR TF0
00A8 22               74             RET
                      75             END
A51 MACRO ASSEMBLER  LAB8_1                                                               10/28/2025 18:43:49 PAGE     3

SYMBOL TABLE LISTING
------ ----- -------


N A M E             T Y P E  V A L U E   ATTRIBUTES

DELAY10MS. . . . .  C ADDR   0099H   A   
INIT . . . . . . .  C ADDR   0059H   A   
LCD_DATA . . . . .  D ADDR   0090H   A   
LCD_EN . . . . . .  B ADDR   0080H.0 A   
LCD_RS . . . . . .  B ADDR   0080H.2 A   
LCD_RW . . . . . .  B ADDR   0080H.1 A   
LOOP . . . . . . .  C ADDR   0075H   A   
P0 . . . . . . . .  D ADDR   0080H   A   
P1 . . . . . . . .  D ADDR   0090H   A   
STUDENTID_ASCII. .  C ADDR   0050H   A   
TF0. . . . . . . .  B ADDR   0088H.5 A   
TH0. . . . . . . .  D ADDR   008CH   A   
TL0. . . . . . . .  D ADDR   008AH   A   
TMOD . . . . . . .  D ADDR   0089H   A   
TR0. . . . . . . .  B ADDR   0088H.4 A   
WRDR . . . . . . .  C ADDR   008CH   A   
WRIR . . . . . . .  C ADDR   007FH   A   


REGISTER BANK(S) USED: 0 


ASSEMBLY COMPLETE.  0 WARNING(S), 0 ERROR(S)
