A51 MACRO ASSEMBLER  LAB8_2                                                               10/28/2025 19:22:02 PAGE     1


MACRO ASSEMBLER A51 V8.01
OBJECT MODULE PLACED IN .\lab8.2.obj
ASSEMBLER INVOKED BY: C:\Keil\C51\BIN\A51.EXE ..\lab08\lab8.2.asm SET(SMALL) DEBUG PRINT(.\lab8.2.lst) OBJECT(.\lab8.2.o
                      bj) EP

LOC  OBJ            LINE     SOURCE

  0080                 1     LCD_EN EQU  P0.0
  0081                 2     LCD_RW EQU  P0.1
  0082                 3     LCD_RS EQU  P0.2
  0090                 4     LCD_DATA EQU P1 
                       5             
0000                   6             ORG 00H
0000 0160              7             AJMP INIT
0050                   8             ORG 50H
                       9     
0050                  10     CUSTOM_CHAR1:
0050 00               11             DB 00H
0051 00               12             DB 00H
0052 03               13             DB 03H
0053 13               14             DB 013H
0054 0E               15             DB 0EH
0055 0A               16             DB 0AH
0056 00               17             DB 00H
0057 00               18             DB 00H
                      19     
0058                  20     CUSTOM_CHAR2:
0058 00               21             DB 00H
0059 00               22             DB 00H
005A 03               23             DB 03H
005B 13               24             DB 013H
005C 0E               25             DB 0EH
005D 11               26             DB 011H
005E 00               27             DB 00H
005F 00               28             DB 00H
                      29     
0060                  30     INIT:
0060 758901           31             MOV TMOD, #01H
0063 C281             32             CLR LCD_RW
0065 11DB             33             ACALL DELAY10MS
                      34     
0067 743B             35             MOV A,#00111011B
0069 11BA             36             ACALL WRIR
                      37     
006B 740E             38             MOV A,#00001110B
006D 11BA             39             ACALL WRIR
                      40     
006F 7401             41             MOV A,#00000001B
0071 11BA             42             ACALL WRIR
                      43     
0073 7480             44             MOV A,#10000000B
0075 11BA             45             ACALL WRIR
                      46     
0077 1196             47             ACALL WRITE_CUSTOM_CHAR1
0079 11A8             48             ACALL WRITE_CUSTOM_CHAR2
                      49     
007B 7480             50             MOV A, #080H
007D 11BA             51             ACALL WRIR
                      52     
007F                  53     LOOP:
007F 7400             54             MOV  A, #00H
0081 11C7             55             ACALL WRDR
0083 11D4             56             ACALL DELAY200MS
0085 1191             57             ACALL LCM_RESET
A51 MACRO ASSEMBLER  LAB8_2                                                               10/28/2025 19:22:02 PAGE     2

                      58     
0087 7401             59             MOV  A, #01H
0089 11C7             60             ACALL WRDR
008B 11D4             61             ACALL DELAY200MS
008D 1191             62             ACALL LCM_RESET
                      63     
008F 80EE             64             JMP LOOP
                      65     
0091                  66     LCM_RESET:
0091 7480             67             MOV A,#10000000B
0093 11BA             68             ACALL WRIR
0095 22               69             RET
                      70     
0096                  71     WRITE_CUSTOM_CHAR1:
0096                  72     WRITE_CUSTOM_CHAR1_INIT:
0096 7440             73             MOV A, #040H
0098 11BA             74             ACALL WRIR
009A 900050           75             MOV DPTR, #CUSTOM_CHAR1
009D 7808             76             MOV R0, #08H
009F                  77     WRITE_CUSTOM_CHAR1_MAIN:
009F 7400             78             MOV  A, #00H
00A1 93               79             MOVC A, @A+DPTR
00A2 11C7             80             ACALL WRDR
00A4 A3               81             INC DPTR
00A5 D8F8             82             DJNZ R0, WRITE_CUSTOM_CHAR1_MAIN
00A7 22               83             RET
                      84     
00A8                  85     WRITE_CUSTOM_CHAR2:
00A8                  86     WRITE_CUSTOM_CHAR2_INIT:
00A8 7448             87             MOV A, #048H
00AA 11BA             88             ACALL WRIR
00AC 900058           89             MOV DPTR, #CUSTOM_CHAR2
00AF 7808             90             MOV R0, #08H
00B1                  91     WRITE_CUSTOM_CHAR2_MAIN:
00B1 7400             92             MOV  A, #00H
00B3 93               93             MOVC A, @A+DPTR
00B4 11C7             94             ACALL WRDR
00B6 A3               95             INC DPTR
00B7 D8F8             96             DJNZ R0, WRITE_CUSTOM_CHAR2_MAIN
00B9 22               97             RET     
                      98     
00BA                  99     WRIR:
00BA F590            100             MOV LCD_DATA, A
00BC C282            101             CLR LCD_RS
00BE D280            102             SETB LCD_EN
00C0 11DB            103             ACALL DELAY10MS
00C2 C280            104             CLR LCD_EN
00C4 11DB            105             ACALL DELAY10MS
00C6 22              106             RET
                     107     
00C7                 108     WRDR:
00C7 F590            109             MOV LCD_DATA, A
00C9 D282            110             SETB LCD_RS
00CB D280            111             SETB LCD_EN
00CD 11DB            112             ACALL DELAY10MS
00CF C280            113             CLR LCD_EN
00D1 11DB            114             ACALL DELAY10MS
00D3 22              115             RET
                     116     
00D4                 117     DELAY200MS:
00D4                 118     DELAY200MS_INIT:
00D4 7914            119             MOV R1, #20
00D6                 120     DELAY200MS_MAIN:
00D6 11DB            121             ACALL DELAY10MS
00D8 D9FC            122             DJNZ R1, DELAY200MS_MAIN
00DA 22              123             RET
A51 MACRO ASSEMBLER  LAB8_2                                                               10/28/2025 19:22:02 PAGE     3

                     124     
00DB                 125     DELAY10MS:
00DB 758CD8          126             MOV TH0, #0D8H   
00DE 758AF0          127             MOV TL0, #0F0H   
00E1 D28C            128             SETB TR0        
00E3 308DFD          129             JNB TF0, $
00E6 C28C            130             CLR TR0
00E8 C28D            131             CLR TF0
00EA 22              132             RET
                     133             END
A51 MACRO ASSEMBLER  LAB8_2                                                               10/28/2025 19:22:02 PAGE     4

SYMBOL TABLE LISTING
------ ----- -------


N A M E                  T Y P E  V A L U E   ATTRIBUTES

CUSTOM_CHAR1. . . . . .  C ADDR   0050H   A   
CUSTOM_CHAR2. . . . . .  C ADDR   0058H   A   
DELAY10MS . . . . . . .  C ADDR   00DBH   A   
DELAY200MS. . . . . . .  C ADDR   00D4H   A   
DELAY200MS_INIT . . . .  C ADDR   00D4H   A   
DELAY200MS_MAIN . . . .  C ADDR   00D6H   A   
INIT. . . . . . . . . .  C ADDR   0060H   A   
LCD_DATA. . . . . . . .  D ADDR   0090H   A   
LCD_EN. . . . . . . . .  B ADDR   0080H.0 A   
LCD_RS. . . . . . . . .  B ADDR   0080H.2 A   
LCD_RW. . . . . . . . .  B ADDR   0080H.1 A   
LCM_RESET . . . . . . .  C ADDR   0091H   A   
LOOP. . . . . . . . . .  C ADDR   007FH   A   
P0. . . . . . . . . . .  D ADDR   0080H   A   
P1. . . . . . . . . . .  D ADDR   0090H   A   
TF0 . . . . . . . . . .  B ADDR   0088H.5 A   
TH0 . . . . . . . . . .  D ADDR   008CH   A   
TL0 . . . . . . . . . .  D ADDR   008AH   A   
TMOD. . . . . . . . . .  D ADDR   0089H   A   
TR0 . . . . . . . . . .  B ADDR   0088H.4 A   
WRDR. . . . . . . . . .  C ADDR   00C7H   A   
WRIR. . . . . . . . . .  C ADDR   00BAH   A   
WRITE_CUSTOM_CHAR1. . .  C ADDR   0096H   A   
WRITE_CUSTOM_CHAR1_INIT  C ADDR   0096H   A   
WRITE_CUSTOM_CHAR1_MAIN  C ADDR   009FH   A   
WRITE_CUSTOM_CHAR2. . .  C ADDR   00A8H   A   
WRITE_CUSTOM_CHAR2_INIT  C ADDR   00A8H   A   
WRITE_CUSTOM_CHAR2_MAIN  C ADDR   00B1H   A   


REGISTER BANK(S) USED: 0 


ASSEMBLY COMPLETE.  0 WARNING(S), 0 ERROR(S)
